23:21:15 **** Incremental Build of configuration Debug for project RTOS_1 ****
make -j12 all 
arm-none-eabi-gcc "../Core/Src/main.c" -mcpu=cortex-m3 -std=gnu11 -g3 -DDEBUG -DUSE_HAL_DRIVER -DSTM32F103xB -c -I../Core/Inc -I../Drivers/STM32F1xx_HAL_Driver/Inc -I../Drivers/STM32F1xx_HAL_Driver/Inc/Legacy -I../Drivers/CMSIS/Device/ST/STM32F1xx/Include -I../Drivers/CMSIS/Include -I../Middlewares/Third_Party/FreeRTOS/Source/include -I../Middlewares/Third_Party/FreeRTOS/Source/CMSIS_RTOS -I../Middlewares/Third_Party/FreeRTOS/Source/portable/GCC/ARM_CM3 -O0 -ffunction-sections -fdata-sections -Wall -fstack-usage -MMD -MP -MF"Core/Src/main.d" -MT"Core/Src/main.o" --specs=nano.specs -mfloat-abi=soft -mthumb -o "Core/Src/main.o"
arm-none-eabi-gcc -o "RTOS_1.elf" @"objects.list"   -mcpu=cortex-m3 -T"D:\Projects\STM32F103RE\RTOS_1\STM32F103RBTX_FLASH.ld" --specs=nosys.specs -Wl,-Map="RTOS_1.map" -Wl,--gc-sections -static --specs=nano.specs -mfloat-abi=soft -mthumb -Wl,--start-group -lc -lm -Wl,--end-group
Finished building target: RTOS_1.elf
 
arm-none-eabi-size   RTOS_1.elf 
arm-none-eabi-objdump -h -S  RTOS_1.elf  > "RTOS_1.list"
   text	   data	    bss	    dec	    hex	filename
  13196	    124	   5820	  19140	   4ac4	RTOS_1.elf
Finished building: default.size.stdout
 
Finished building: RTOS_1.list
 
23:21:30 **** Incremental Build of configuration Debug for project RTOS_1 ****
make -j12 all 
arm-none-eabi-size   RTOS_1.elf 
   text	   data	    bss	    dec	    hex	filename
  13196	    124	   5820	  19140	   4ac4	RTOS_1.elf
Finished building: default.size.stdout
 
