11:01:04 **** Incremental Build of configuration Debug for project EXT_INT ****
make -j4 all 
arm-none-eabi-gcc "../Core/Src/main.c" -mcpu=cortex-m3 -std=gnu11 -g3 -DDEBUG -DUSE_HAL_DRIVER -DSTM32F103xB -c -I../Core/Inc -I../Drivers/STM32F1xx_HAL_Driver/Inc -I../Drivers/STM32F1xx_HAL_Driver/Inc/Legacy -I../Drivers/CMSIS/Device/ST/STM32F1xx/Include -I../Drivers/CMSIS/Include -O0 -ffunction-sections -fdata-sections -Wall -fstack-usage -MMD -MP -MF"Core/Src/main.d" -MT"Core/Src/main.o" --specs=nano.specs -mfloat-abi=soft -mthumb -o "Core/Src/main.o"
../Core/Src/main.c: In function 'send_UART_data':
../Core/Src/main.c:65:2: warning: implicit declaration of function 'sprintf' [-Wimplicit-function-declaration]
   65 |  sprintf(data, "Ticks = %d\n", encoder);
      |  ^~~~~~~
../Core/Src/main.c:65:2: warning: incompatible implicit declaration of built-in function 'sprintf'
../Core/Src/main.c:25:1: note: include '<stdio.h>' or provide a declaration of 'sprintf'
   24 | #include "string.h"
  +++ |+#include <stdio.h>
   25 | /* USER CODE END Includes */
arm-none-eabi-gcc -o "EXT_INT.elf" @"objects.list"   -mcpu=cortex-m3 -T"C:\ST\STM32F103RBT6\EXT_INT\STM32F103RBTX_FLASH.ld" --specs=nosys.specs -Wl,-Map="EXT_INT.map" -Wl,--gc-sections -static --specs=nano.specs -mfloat-abi=soft -mthumb -Wl,--start-group -lc -lm -Wl,--end-group
Finished building target: EXT_INT.elf
 
arm-none-eabi-size   EXT_INT.elf 
arm-none-eabi-objdump -h -S  EXT_INT.elf  > "EXT_INT.list"
   text	   data	    bss	    dec	    hex	filename
  11688	    120	   1800	  13608	   3528	EXT_INT.elf
Finished building: default.size.stdout
 
Finished building: EXT_INT.list
 
11:01:17 **** Incremental Build of configuration Debug for project EXT_INT ****
make -j4 all 
arm-none-eabi-size   EXT_INT.elf 
   text	   data	    bss	    dec	    hex	filename
  11688	    120	   1800	  13608	   3528	EXT_INT.elf
Finished building: default.size.stdout
 
